// Jest Snapshot v1, https://goo.gl/fbAQLP

exports[`<NOPAButton /> Should match the snapshot 1`] = `
<View
  accessibilityComponentType={undefined}
  accessibilityLabel={undefined}
  accessibilityTraits={undefined}
  accessible={true}
  hasTVPreferredFocus={undefined}
  hitSlop={undefined}
  isTVSelectable={true}
  onLayout={undefined}
  onResponderGrant={[Function]}
  onResponderMove={[Function]}
  onResponderRelease={[Function]}
  onResponderTerminate={[Function]}
  onResponderTerminationRequest={[Function]}
  onStartShouldSetResponder={[Function]}
  style={
    Array [
      Object {
        "backgroundColor": "transparent",
      },
      Array [
        Object {
          "backgroundColor": "#F97056",
        },
        Object {
          "marginBottom": 5,
          "marginTop": 10,
          "width": 675,
        },
      ],
    ]
  }
  testID={undefined}
  tvParallaxProperties={undefined}
>
  <View>
    <Text
      accessible={true}
      allowFontScaling={true}
      ellipsizeMode="tail"
      style={
        Array [
          Object {
            "color": "#444",
            "fontFamily": "monserratSemiBold",
            "fontSize": 18,
          },
          Object {
            "color": "#fff",
            "padding": 20,
            "textAlign": "center",
          },
        ]
      }
    >
      I am a button
    </Text>
  </View>
</View>
`;
